V3 19
FL C:/Users/limpkin/Dropbox/Projets/nixie/fpga/nixie_clock/dcm_multiplier.vhd 2016/07/31.20:17:11 P.20131013
EN work/dcm_multiplier 1469989034 \
      FL C:/Users/limpkin/Dropbox/Projets/nixie/fpga/nixie_clock/dcm_multiplier.vhd \
      PB ieee/std_logic_1164 1381692176 PB ieee/NUMERIC_STD 1381692181 LB UNISIM \
      PH unisim/VCOMPONENTS 1381692182
AR work/dcm_multiplier/BEHAVIORAL 1469989035 \
      FL C:/Users/limpkin/Dropbox/Projets/nixie/fpga/nixie_clock/dcm_multiplier.vhd \
      EN work/dcm_multiplier 1469989034 CP BUFG CP IBUFG CP DCM_SP
FL C:/Users/limpkin/Dropbox/Projets/nixie/fpga/nixie_clock/pwm.vhd 2016/07/31.19:21:19 P.20131013
EN work/pwm 1469989036 \
      FL C:/Users/limpkin/Dropbox/Projets/nixie/fpga/nixie_clock/pwm.vhd \
      PB ieee/std_logic_1164 1381692176 PB ieee/STD_LOGIC_UNSIGNED 1381692179
AR work/pwm/logic 1469989037 \
      FL C:/Users/limpkin/Dropbox/Projets/nixie/fpga/nixie_clock/pwm.vhd \
      EN work/pwm 1469989036
FL C:/Users/limpkin/Dropbox/Projets/nixie/fpga/nixie_clock/spi_slave.vhd 2016/07/31.17:38:14 P.20131013
EN work/spi_slave 1469989038 \
      FL C:/Users/limpkin/Dropbox/Projets/nixie/fpga/nixie_clock/spi_slave.vhd \
      PB ieee/std_logic_1164 1381692176 PB ieee/STD_LOGIC_UNSIGNED 1381692179
AR work/spi_slave/Behavioral 1469989039 \
      FL C:/Users/limpkin/Dropbox/Projets/nixie/fpga/nixie_clock/spi_slave.vhd \
      EN work/spi_slave 1469989038
FL C:/Users/limpkin/Dropbox/Projets/nixie/fpga/nixie_clock/TOP.vhd 2016/07/31.20:15:58 P.20131013
EN work/TOP 1469989040 \
      FL C:/Users/limpkin/Dropbox/Projets/nixie/fpga/nixie_clock/TOP.vhd \
      LB UNISIM PH unisim/VCOMPONENTS 1381692182 PB ieee/std_logic_1164 1381692176
AR work/TOP/Behavioral 1469989041 \
      FL C:/Users/limpkin/Dropbox/Projets/nixie/fpga/nixie_clock/TOP.vhd \
      EN work/TOP 1469989040 CP dcm_multiplier CP pwm CP spi_slave
